---
http_interactions:
- request:
    method: get
    uri: https://www.pivotaltracker.com/services/v5/me
    body:
      encoding: US-ASCII
      string: ''
    headers:
      User-Agent:
      - Ruby/2.6.6 (x86_64-darwin20; ruby) TrackerApi/1.11.0 Faraday/1.0.1
      Accept:
      - application/json
      X-Trackertoken:
      - "$ACCESS_TOKEN"
  response:
    status:
      code: 200
      message: OK
    headers:
      Content-Type:
      - application/json; charset=utf-8
      Status:
      - 200 OK
      Cache-Control:
      - max-age=0, private, must-revalidate
      X-Request-Id:
      - a5291377-86ab-4eea-87df-2f2d2eb8c69d
      Etag:
      - W/"b6711ec49654f8cab1a23122baee3739"
      X-Frame-Options:
      - SAMEORIGIN
      X-Runtime:
      - '0.071696'
      X-Content-Type-Options:
      - nosniff, nosniff
      Date:
      - Thu, 11 Feb 2021 21:20:04 GMT
      X-Powered-By:
      - Phusion Passenger
      Server:
      - nginx + Phusion Passenger
      Access-Control-Allow-Origin:
      - "*"
      Access-Control-Allow-Credentials:
      - 'false'
      Access-Control-Allow-Methods:
      - GET, POST, PUT, DELETE, OPTIONS
      Access-Control-Allow-Headers:
      - X-TrackerToken,DNT,X-Mx-ReqToken,Keep-Alive,User-Agent,X-Requested-With,If-Modified-Since,Cache-Control,Content-Type,X-Tracker-Warn-Unless-Project-Version-Is
      X-Tracker-Client-Pinger-Interval:
      - '20'
      Strict-Transport-Security:
      - max-age=31536000; includeSubDomains; preload
      X-Xss-Protection:
      - 1; mode=block
      Via:
      - 1.1 google
      Alt-Svc:
      - clear
    body:
      encoding: ASCII-8BIT
      string: '{"kind":"me","id":3333029,"name":"ombubot","initials":"OM","username":"ombubot","time_zone":{"kind":"time_zone","olson_name":"America/Los_Angeles","offset":"-08:00"},"api_token":"$ACCESS_TOKEN","has_google_identity":false,"accounts":[{"kind":"account_summary","id":1132270,"name":"Untitled","status":"active","plan":"Free"}],"projects":[{"kind":"membership_summary","id":10679406,"project_id":2445808,"project_name":"The
        Test","project_color":"e46642","favorite":false,"role":"owner","last_viewed_at":"2020-06-02T18:57:25Z"}],"email":"ombubot@ombulabs.com","receives_in_app_notifications":true,"created_at":"2020-04-24T18:12:56Z","updated_at":"2021-02-11T21:20:04Z"}'
  recorded_at: Thu, 11 Feb 2021 21:20:04 GMT
- request:
    method: get
    uri: https://www.pivotaltracker.com/services/v5/projects
    body:
      encoding: US-ASCII
      string: ''
    headers:
      User-Agent:
      - Ruby/2.6.6 (x86_64-darwin20; ruby) TrackerApi/1.11.0 Faraday/1.0.1
      Accept:
      - application/json
      X-Trackertoken:
      - "$ACCESS_TOKEN"
  response:
    status:
      code: 200
      message: OK
    headers:
      Content-Type:
      - application/json; charset=utf-8
      Status:
      - 200 OK
      Cache-Control:
      - max-age=0, private, must-revalidate
      X-Request-Id:
      - 3b7cd836-c6dc-4107-a76c-16051f3d7f4c
      Etag:
      - W/"11d6c1d332e392c6150c489327c1e4cd"
      X-Frame-Options:
      - SAMEORIGIN
      X-Runtime:
      - '0.060625'
      X-Content-Type-Options:
      - nosniff, nosniff
      Date:
      - Thu, 11 Feb 2021 21:20:05 GMT
      X-Powered-By:
      - Phusion Passenger
      Server:
      - nginx + Phusion Passenger
      Access-Control-Allow-Origin:
      - "*"
      Access-Control-Allow-Credentials:
      - 'false'
      Access-Control-Allow-Methods:
      - GET, POST, PUT, DELETE, OPTIONS
      Access-Control-Allow-Headers:
      - X-TrackerToken,DNT,X-Mx-ReqToken,Keep-Alive,User-Agent,X-Requested-With,If-Modified-Since,Cache-Control,Content-Type,X-Tracker-Warn-Unless-Project-Version-Is
      X-Tracker-Client-Pinger-Interval:
      - '20'
      Strict-Transport-Security:
      - max-age=31536000; includeSubDomains; preload
      X-Xss-Protection:
      - 1; mode=block
      Via:
      - 1.1 google
      Alt-Svc:
      - clear
    body:
      encoding: ASCII-8BIT
      string: '[{"id":2445808,"kind":"project","name":"The Test","version":7,"iteration_length":1,"week_start_day":"Monday","point_scale":"0,1,2,3","point_scale_is_custom":false,"bugs_and_chores_are_estimatable":false,"automatic_planning":true,"enable_tasks":true,"time_zone":{"kind":"time_zone","olson_name":"America/Los_Angeles","offset":"-08:00"},"velocity_averaged_over":3,"number_of_done_iterations_to_show":4,"has_google_domain":false,"enable_incoming_emails":true,"initial_velocity":10,"public":false,"atom_enabled":false,"project_type":"private","start_time":"2021-02-08T08:00:00Z","created_at":"2020-04-24T19:07:25Z","updated_at":"2020-04-24T20:02:13Z","account_id":1132270,"current_iteration_number":1,"enable_following":true}]'
  recorded_at: Thu, 11 Feb 2021 21:20:05 GMT
- request:
    method: get
    uri: https://www.pivotaltracker.com/services/v5/projects/2445808/stories?filter=state:unstarted
    body:
      encoding: US-ASCII
      string: ''
    headers:
      User-Agent:
      - Ruby/2.6.6 (x86_64-darwin20; ruby) TrackerApi/1.11.0 Faraday/1.0.1
      Accept:
      - application/json
      X-Trackertoken:
      - "$ACCESS_TOKEN"
  response:
    status:
      code: 200
      message: OK
    headers:
      Content-Type:
      - application/json; charset=utf-8
      Status:
      - 200 OK
      Cache-Control:
      - max-age=0, private, must-revalidate
      X-Tracker-Pagination-Total:
      - '2'
      X-Tracker-Project-Version:
      - '7'
      X-Tracker-Pagination-Limit:
      - '100'
      X-Request-Id:
      - 0e71f6fa-49f7-4c9e-9c6c-237112fcedf2
      X-Tracker-Pagination-Offset:
      - '0'
      Etag:
      - W/"199ce592fff830d14424c421b89d0207"
      X-Frame-Options:
      - SAMEORIGIN
      X-Runtime:
      - '0.105635'
      X-Content-Type-Options:
      - nosniff, nosniff
      X-Tracker-Pagination-Returned:
      - '2'
      Date:
      - Thu, 11 Feb 2021 21:20:05 GMT
      X-Powered-By:
      - Phusion Passenger
      Server:
      - nginx + Phusion Passenger
      Access-Control-Allow-Origin:
      - "*"
      Access-Control-Allow-Credentials:
      - 'false'
      Access-Control-Allow-Methods:
      - GET, POST, PUT, DELETE, OPTIONS
      Access-Control-Allow-Headers:
      - X-TrackerToken,DNT,X-Mx-ReqToken,Keep-Alive,User-Agent,X-Requested-With,If-Modified-Since,Cache-Control,Content-Type,X-Tracker-Warn-Unless-Project-Version-Is
      X-Tracker-Client-Pinger-Interval:
      - '20'
      Strict-Transport-Security:
      - max-age=31536000; includeSubDomains; preload
      X-Xss-Protection:
      - 1; mode=block
      Via:
      - 1.1 google
      Alt-Svc:
      - clear
    body:
      encoding: ASCII-8BIT
      string: '[{"kind":"story","id":172507238,"created_at":"2020-04-24T19:08:21Z","updated_at":"2020-06-02T18:57:33Z","story_type":"feature","name":"As
        a user I would like all stories to be tested. ","current_state":"unstarted","requested_by_id":3333029,"url":"https://www.pivotaltracker.com/story/show/172507238","project_id":2445808,"owner_ids":[3333029],"labels":[],"owned_by_id":3333029},{"kind":"story","id":172507235,"created_at":"2020-04-24T19:08:03Z","updated_at":"2020-06-02T18:57:42Z","story_type":"feature","name":"As
        a user I would like to be able to see a test. ","current_state":"unstarted","requested_by_id":3333029,"url":"https://www.pivotaltracker.com/story/show/172507235","project_id":2445808,"owner_ids":[3333029],"labels":[],"owned_by_id":3333029}]'
  recorded_at: Thu, 11 Feb 2021 21:20:05 GMT
recorded_with: VCR 6.0.0
